// Jest Snapshot v1, https://goo.gl/fbAQLP

exports[`shift lol 1`] = `
Array [
  Array [
    Array [
      1,
      1,
      1,
    ],
    Array [
      1,
      1,
      1,
    ],
    Array [
      1,
      1,
      1,
    ],
  ],
  Array [
    Array [
      2,
      2,
      2,
    ],
    Array [
      2,
      2,
      2,
    ],
    Array [
      2,
      2,
      2,
    ],
  ],
  Array [
    Array [
      4,
      4,
      4,
    ],
    Array [
      3,
      3,
      3,
    ],
    Array [
      3,
      3,
      3,
    ],
  ],
  Array [
    Array [
      5,
      5,
      5,
    ],
    Array [
      4,
      4,
      4,
    ],
    Array [
      4,
      4,
      4,
    ],
  ],
  Array [
    Array [
      6,
      6,
      6,
    ],
    Array [
      5,
      5,
      5,
    ],
    Array [
      5,
      5,
      5,
    ],
  ],
  Array [
    Array [
      3,
      3,
      3,
    ],
    Array [
      6,
      6,
      6,
    ],
    Array [
      6,
      6,
      6,
    ],
  ],
]
`;
